
*************** JDFTx 0.99.alpha (svn revision 1184) The playground for joint density functional theory ****************

Start date and time: Fri Aug  7 11:35:05 2015
Running on hosts (process indices):  yalcin-laptop ( 0 )
Executable ../../jdftx with command-line: -i optimizeWater.in
Maximum cpu threads by process: 2
Run totals: 1 processes, 2 threads, 0 GPUs


Input parsed successfully to the following command list (including defaults):

basis kpoint-dependent
coords-type cartesian
core-overlap-check vector
coulomb-interaction Periodic
davidson-band-ratio 1.1
dump End None
dump-name $STAMP.$VAR
elec-cutoff 20
elec-eigen-algo Davidson
elec-ex-corr gga-PBE
electronic-minimize  \
	dirUpdateScheme      PolakRibiere \
	linminMethod         DirUpdateRecommended \
	nIterations          100 \
	history              15 \
	knormThreshold       0 \
	energyDiffThreshold  1e-08 \
	nEnergyDiff          2 \
	alphaTstart          1 \
	alphaTmin            1e-10 \
	updateTestStepSize   yes \
	alphaTreduceFactor   0.1 \
	alphaTincreaseFactor 3 \
	nAlphaAdjustMax      3 \
	wolfeEnergy          0.0001 \
	wolfeGradient        0.9 \
	fdTest               no
exchange-regularization WignerSeitzTruncated
fluid None
fluid-ex-corr lda-TF lda-PZ
fluid-gummel-loop 10 1.000000e-05
fluid-minimize  \
	dirUpdateScheme      PolakRibiere \
	linminMethod         DirUpdateRecommended \
	nIterations          100 \
	history              15 \
	knormThreshold       0 \
	energyDiffThreshold  0 \
	nEnergyDiff          2 \
	alphaTstart          1 \
	alphaTmin            1e-10 \
	updateTestStepSize   yes \
	alphaTreduceFactor   0.1 \
	alphaTincreaseFactor 3 \
	nAlphaAdjustMax      3 \
	wolfeEnergy          0.0001 \
	wolfeGradient        0.9 \
	fdTest               no
fluid-solvent H2O 55.338 ScalarEOS \
	epsBulk 78.4 \
	pMol 0.92466 \
	epsInf 1.77 \
	Pvap 1.06736e-10 \
	sigmaBulk 4.62e-05 \
	Rvdw 2.61727 \
	Res 1.42
forces-output-coords Positions
inverseKohnSham-minimize  \
	dirUpdateScheme      PolakRibiere \
	linminMethod         DirUpdateRecommended \
	nIterations          100 \
	history              15 \
	knormThreshold       0 \
	energyDiffThreshold  1e-08 \
	nEnergyDiff          2 \
	alphaTstart          1 \
	alphaTmin            1e-10 \
	updateTestStepSize   yes \
	alphaTreduceFactor   0.1 \
	alphaTincreaseFactor 3 \
	nAlphaAdjustMax      3 \
	wolfeEnergy          0.0001 \
	wolfeGradient        0.9 \
	fdTest               no
ion H   1.809412604976671   0.000000000000000   0.000000000000000 1
ion H  -0.453346471502041   1.751699446773078   0.000000000000000 1
ion O   0.000000000000000   0.000000000000000   0.000000000000000 1
ion-species /home/zatarra/Dropbox/Research/.pseudopotentials/GBRV/h.uspp
ion-species /home/zatarra/Dropbox/Research/.pseudopotentials/GBRV/o.uspp
ion-width 0
ionic-minimize  \
	dirUpdateScheme      L-BFGS \
	linminMethod         DirUpdateRecommended \
	nIterations          10 \
	history              15 \
	knormThreshold       1e-10 \
	energyDiffThreshold  1e-10 \
	nEnergyDiff          2 \
	alphaTstart          1 \
	alphaTmin            1e-10 \
	updateTestStepSize   yes \
	alphaTreduceFactor   0.1 \
	alphaTincreaseFactor 3 \
	nAlphaAdjustMax      3 \
	wolfeEnergy          0.0001 \
	wolfeGradient        0.9 \
	fdTest               no
kpoint   0.000000000000   0.000000000000   0.000000000000  1.00000000000000
kpoint-folding 1 1 1 
latt-move-scale 1 1 1
latt-scale 1 1 1 
lattice  \
	   9.448630000000000    0.000000000000000    0.000000000000000  \
	   0.000000000000000    9.448630000000000    0.000000000000000  \
	   0.000000000000000    0.000000000000000    9.448630000000000 
lattice-minimize  \
	dirUpdateScheme      L-BFGS \
	linminMethod         DirUpdateRecommended \
	nIterations          0 \
	history              15 \
	knormThreshold       0 \
	energyDiffThreshold  1e-06 \
	nEnergyDiff          2 \
	alphaTstart          1 \
	alphaTmin            1e-10 \
	updateTestStepSize   yes \
	alphaTreduceFactor   0.1 \
	alphaTincreaseFactor 3 \
	nAlphaAdjustMax      3 \
	wolfeEnergy          0.0001 \
	wolfeGradient        0.9 \
	fdTest               no
lcao-params -1 1e-06 0.001
pcm-variant GLSSA13
reorthogonalize-orbitals 20 1.5
spintype no-spin
subspace-rotation-factor 30
symmetries none no



---------- Initializing the Grid ----------
R = 
[    9.44863          0          0  ]
[          0    9.44863          0  ]
[          0          0    9.44863  ]
unit cell volume = 843.542
G =
[   0.664984          0          0  ]
[          0   0.664984          0  ]
[          0          0   0.664984  ]
Minimum fftbox size, Smin = [  36  36  36  ]
Chosen fftbox size, S = [  36  36  36  ]

---------- Exchange Correlation functional ----------
Initalized PBE GGA exchange.
Initalized PBE GGA correlation.

---------- Setting up pseudopotentials ----------
Width of ionic core gaussian charges (only for fluid interactions / plotting) set to 0

Reading pseudopotential file '/home/zatarra/Dropbox/Research/.pseudopotentials/GBRV/h.uspp':
  Title: H.  Created by USPP 7.3.6 on 14-9-2013
  Reference state energy: -0.458802.  1 valence electrons in orbitals:
    |100>  occupation: 1  eigenvalue: -0.238596
  lMax: 0  lLocal: 1  QijEcut: 5
  2 projectors sampled on a log grid with 395 points:
    l: 0  eig: -0.238595  rCut: 0.9
    l: 0  eig: 0.450000  rCut: 0.9
  Transforming local potential to a uniform radial grid of dG=0.02 with 1042 points.
  Transforming nonlocal projectors to a uniform radial grid of dG=0.02 with 432 points.
  Transforming density augmentations to a uniform radial grid of dG=0.02 with 1042 points.
  Transforming atomic orbitals to a uniform radial grid of dG=0.02 with 432 points.
  Transforming overlap'd orbitals to a uniform radial grid of dG=0.02 with 432 points.
  Core radius for overlap checks: 0.90 bohrs.

Reading pseudopotential file '/home/zatarra/Dropbox/Research/.pseudopotentials/GBRV/o.uspp':
  Title: O.  Created by USPP 7.3.6 on 3-2-2014
  Reference state energy: -15.894388.  6 valence electrons in orbitals:
    |200>  occupation: 2  eigenvalue: -0.878823
    |210>  occupation: 4  eigenvalue: -0.332131
  lMax: 2  lLocal: 2  QijEcut: 6
  5 projectors sampled on a log grid with 511 points:
    l: 0  eig: -0.878823  rCut: 1.25
    l: 0  eig: 0.000000  rCut: 1.25
    l: 1  eig: -0.332132  rCut: 1.25
    l: 1  eig: 0.000000  rCut: 1.25
    l: 2  eig: 1.000000  rCut: 1.25
  Partial core density with radius 0.7
  Transforming core density to a uniform radial grid of dG=0.02 with 1042 points.
  Transforming local potential to a uniform radial grid of dG=0.02 with 1042 points.
  Transforming nonlocal projectors to a uniform radial grid of dG=0.02 with 432 points.
  Transforming density augmentations to a uniform radial grid of dG=0.02 with 1042 points.
  Transforming atomic orbitals to a uniform radial grid of dG=0.02 with 432 points.
  Transforming overlap'd orbitals to a uniform radial grid of dG=0.02 with 432 points.
  Core radius for overlap checks: 1.25 bohrs.

Folded 1 k-points by 1x1x1 to 1 k-points.

---------- Setting up k-points, bands, fillings ----------
No reducable k-points. 
Computing the number of bands and number of electrons
Calculating initial fillings.
nElectrons:   8.000000   nBands: 4   nStates: 1

----- Setting up reduced wavefunction bases (one per k-point) -----
average nbasis = 3695.000 , ideal nbasis = 3603.674

---------- Setting up ewald sum ----------
Optimum gaussian width for ewald sums = 3.138764 bohr.
Real space sum over 1331 unit cells with max indices [  5  5  5  ]
Reciprocal space sum over 2197 terms with max indices [  6  6  6  ]

---------- Allocating electronic variables ----------
Initializing wave functions:  linear combination of atomic orbitals
H pseudo-atom occupations:   s ( 1 )
O pseudo-atom occupations:   s ( 2 )  p ( 4 )
	FillingsLCAO:  mu: -0.000000000  nElectrons: 8.000000
LCAOMinimize: Iter:   0  F: -17.0367748583570595  |grad|_K:  7.117e-02  alpha:  1.000e+00
	FillingsLCAO:  mu: -0.000000000  nElectrons: 8.000000
LCAOMinimize: Iter:   1  F: -17.1063213266302405  |grad|_K:  6.191e-03  alpha:  4.823e-01  linmin: -4.826e-01  cgtest:  8.087e-01
LCAOMinimize: Encountered beta<0, resetting CG.
	FillingsLCAO:  mu: -0.000000000  nElectrons: 8.000000
LCAOMinimize: Iter:   2  F: -17.1068681815055044  |grad|_K:  1.585e-03  alpha:  5.852e-01  linmin:  2.679e-02  cgtest: -9.221e-02
	FillingsLCAO:  mu: -0.000000000  nElectrons: 8.000000
LCAOMinimize: Iter:   3  F: -17.1069133643730211  |grad|_K:  2.120e-04  alpha:  7.519e-01  linmin: -7.854e-03  cgtest:  3.778e-01
LCAOMinimize: Encountered beta<0, resetting CG.
LCAOMinimize: None of the convergence criteria satisfied after 3 iterations.


---- Citations for features of the code used in this run ----

   Software package:
      R. Sundararaman, D. Gunceler, K. Letchworth-Weaver and T.A. Arias, JDFTx, available from http://jdftx.sourceforge.net (2012)

   Algebraic framework:
      S. Ismail-Beigi and T.A. Arias, Computer Physics Communications 128, 1 (2000)

   gga-PBE exchange-correlation functional:
      J.P. Perdew, K. Burke and M. Ernzerhof, Phys. Rev. Lett. 77, 3865 (1996)

   Total energy minimization:
      T.A. Arias, M.C. Payne and J.D. Joannopoulos, Phys. Rev. Lett. 69, 1077 (1992)

This list may not be complete. Please suggest additional citations and report
any other bugs by creating a ticket at https://sourceforge.net/p/jdftx/tickets


-------- Electronic minimization -----------
ElecMinimize: Iter:   0  Etot: -17.106913411789108  |grad|_K:  3.890e-03  alpha:  1.000e+00
ElecMinimize: Iter:   1  Etot: -17.236742457064334  |grad|_K:  1.363e-03  alpha:  5.795e-01  linmin:  7.285e-03  cgtest: -1.018e-02
ElecMinimize: Iter:   2  Etot: -17.254848310434724  |grad|_K:  7.572e-04  alpha:  6.604e-01  linmin: -1.019e-02  cgtest:  6.063e-03
ElecMinimize: Iter:   3  Etot: -17.260808794672048  |grad|_K:  4.070e-04  alpha:  6.976e-01  linmin:  3.198e-03  cgtest: -4.061e-02
ElecMinimize: Iter:   4  Etot: -17.262715381482231  |grad|_K:  2.150e-04  alpha:  7.808e-01  linmin: -3.252e-03  cgtest:  2.616e-02
ElecMinimize: Iter:   5  Etot: -17.263441673150375  |grad|_K:  1.340e-04  alpha:  1.061e+00  linmin:  3.374e-03  cgtest: -1.394e-02
ElecMinimize: Iter:   6  Etot: -17.263706150990892  |grad|_K:  8.727e-05  alpha:  1.001e+00  linmin: -9.682e-04  cgtest:  1.206e-02
ElecMinimize: Iter:   7  Etot: -17.263800349420194  |grad|_K:  4.704e-05  alpha:  8.358e-01  linmin:  1.123e-04  cgtest: -6.470e-03
ElecMinimize: Iter:   8  Etot: -17.263824702304042  |grad|_K:  2.440e-05  alpha:  7.447e-01  linmin: -3.601e-04  cgtest: -4.166e-05
ElecMinimize: Iter:   9  Etot: -17.263830447180634  |grad|_K:  1.307e-05  alpha:  6.527e-01  linmin:  1.176e-04  cgtest: -1.164e-03
ElecMinimize: Iter:  10  Etot: -17.263832297165585  |grad|_K:  6.546e-06  alpha:  7.332e-01  linmin: -1.228e-04  cgtest:  9.415e-04
ElecMinimize: Iter:  11  Etot: -17.263832795090135  |grad|_K:  3.117e-06  alpha:  7.862e-01  linmin:  3.625e-05  cgtest: -5.760e-04
ElecMinimize: Iter:  12  Etot: -17.263832897583491  |grad|_K:  1.111e-06  alpha:  7.140e-01  linmin: -1.047e-05  cgtest:  2.343e-04
ElecMinimize: Iter:  13  Etot: -17.263832911669844  |grad|_K:  4.827e-07  alpha:  7.718e-01  linmin: -2.019e-05  cgtest: -1.074e-06
ElecMinimize: Iter:  14  Etot: -17.263832914498234  |grad|_K:  2.946e-07  alpha:  8.215e-01  linmin:  1.606e-04  cgtest: -2.908e-04
ElecMinimize: Iter:  15  Etot: -17.263832915443768  |grad|_K:  1.905e-07  alpha:  7.376e-01  linmin:  1.718e-04  cgtest:  1.128e-05
ElecMinimize: Converged (|Delta Etot|<1.000000e-08 for 2 iters).
Setting wave functions to eigenvectors of Hamiltonian

# Ionic positions in cartesian coordinates:
ion H   1.809412604976671   0.000000000000000   0.000000000000000 1
ion H  -0.453346471502041   1.751699446773078   0.000000000000000 1
ion O   0.000000000000000   0.000000000000000   0.000000000000000 1

# Forces in Cartesian coordinates:
force H   0.015947623098404   0.000589620644537   0.000002559452436 1
force H  -0.003358104878042   0.016046853349581   0.000000911246222 1
force O  -0.012577094208156  -0.016619959315555   0.000003862442168 1

# Energy components:
   Eewald =       -2.5058274523306294
       EH =       12.2667896016704105
     Eloc =      -33.4019249413384500
      Enl =        2.2523902908510283
      Exc =       -4.3714013788620587
 Exc_core =        0.0650356513099964
       KE =        8.4311053132559302
-------------------------------------
     Etot =      -17.2638329154437677

IonicMinimize: Iter:   0  Etot: -17.263832915443768  |grad|_K:  1.032e-02

#--- Lowdin population analysis ---
# oxidation-state H +0.440 +0.440
# oxidation-state O -0.763


-------- Electronic minimization -----------
ElecMinimize: Iter:   0  Etot: -17.264087419836667  |grad|_K:  1.438e-04  alpha:  1.000e+00
ElecMinimize: Iter:   1  Etot: -17.264265312908329  |grad|_K:  5.581e-05  alpha:  5.818e-01  linmin: -1.136e-04  cgtest:  3.681e-04
ElecMinimize: Iter:   2  Etot: -17.264292875831167  |grad|_K:  3.314e-05  alpha:  5.987e-01  linmin: -1.837e-05  cgtest: -1.568e-05
ElecMinimize: Iter:   3  Etot: -17.264305913947190  |grad|_K:  1.740e-05  alpha:  8.033e-01  linmin:  3.497e-04  cgtest: -6.248e-04
ElecMinimize: Iter:   4  Etot: -17.264310146284149  |grad|_K:  1.083e-05  alpha:  9.456e-01  linmin: -1.121e-04  cgtest:  1.191e-03
ElecMinimize: Iter:   5  Etot: -17.264311742645003  |grad|_K:  6.608e-06  alpha:  9.200e-01  linmin:  4.827e-05  cgtest: -7.333e-04
ElecMinimize: Iter:   6  Etot: -17.264312334518337  |grad|_K:  3.751e-06  alpha:  9.171e-01  linmin: -2.336e-05  cgtest:  3.667e-04
ElecMinimize: Iter:   7  Etot: -17.264312509411663  |grad|_K:  2.020e-06  alpha:  8.411e-01  linmin:  1.123e-05  cgtest: -6.786e-05
ElecMinimize: Iter:   8  Etot: -17.264312557947203  |grad|_K:  9.288e-07  alpha:  8.050e-01  linmin: -1.369e-05  cgtest:  1.114e-04
ElecMinimize: Iter:   9  Etot: -17.264312567726037  |grad|_K:  3.927e-07  alpha:  7.670e-01  linmin:  4.085e-05  cgtest: -1.195e-04
ElecMinimize: Iter:  10  Etot: -17.264312569402776  |grad|_K:  1.844e-07  alpha:  7.359e-01  linmin: -2.788e-05  cgtest:  7.888e-05
ElecMinimize: Converged (|Delta Etot|<1.000000e-08 for 2 iters).
Setting wave functions to eigenvectors of Hamiltonian

# Ionic positions in cartesian coordinates:
ion H   1.825360228075075   0.000589620644537   0.000002559452436 1
ion H  -0.456704576380083   1.767746300122659   0.000000911246222 1
ion O  -0.012577094208156  -0.016619959315555   0.000003862442168 1

# Forces in Cartesian coordinates:
force H   0.000280862250522  -0.000001852520046   0.000001562693447 1
force H   0.000078126817126   0.000321083016185   0.000000015145400 1
force O  -0.000290268284742  -0.000235542524838  -0.000002596064813 1

# Energy components:
   Eewald =       -2.6095979244513736
       EH =       12.1868578776257550
     Eloc =      -33.1928210954695189
      Enl =        2.2469133361862492
      Exc =       -4.3574107325259410
 Exc_core =        0.0650369780733025
       KE =        8.3967089911587500
-------------------------------------
     Etot =      -17.2643125694027759

IonicMinimize: Iter:   1  Etot: -17.264312569402776  |grad|_K:  1.909e-04  alpha:  1.000e+00  linmin: -9.556e-01

#--- Lowdin population analysis ---
# oxidation-state H +0.435 +0.435
# oxidation-state O -0.754


-------- Electronic minimization -----------
ElecMinimize: Iter:   0  Etot: -17.264312678235228  |grad|_K:  2.662e-06  alpha:  1.000e+00
ElecMinimize: Iter:   1  Etot: -17.264312738871155  |grad|_K:  1.065e-06  alpha:  5.791e-01  linmin: -2.728e-06  cgtest:  7.829e-06
ElecMinimize: Iter:   2  Etot: -17.264312748739179  |grad|_K:  6.168e-07  alpha:  5.890e-01  linmin:  3.303e-05  cgtest: -5.431e-05
ElecMinimize: Iter:   3  Etot: -17.264312753325854  |grad|_K:  3.181e-07  alpha:  8.156e-01  linmin: -1.567e-04  cgtest:  3.413e-04
ElecMinimize: Converged (|Delta Etot|<1.000000e-08 for 2 iters).
Setting wave functions to eigenvectors of Hamiltonian

# Ionic positions in cartesian coordinates:
ion H   1.825646625486383   0.000587528764124   0.000004178101139 1
ion H  -0.456622634314579   1.768074348743777   0.000000926675134 1
ion O  -0.012874222988455  -0.016859196279630   0.000001171051219 1

# Forces in Cartesian coordinates:
force H  -0.000026024095250  -0.000020468022046   0.000001526145465 1
force H   0.000119657571144   0.000088348232329  -0.000000018199596 1
force O  -0.000009244668104   0.000036705519532  -0.000002683972215 1

# Energy components:
   Eewald =       -2.6114265369425071
       EH =       12.1853908710404273
     Eloc =      -33.1890373751051797
      Enl =        2.2467933036702217
      Exc =       -4.3571526022820724
 Exc_core =        0.0650370219787325
       KE =        8.3960825643145256
-------------------------------------
     Etot =      -17.2643127533258536

IonicMinimize: Iter:   2  Etot: -17.264312753325854  |grad|_K:  5.235e-05  alpha:  1.000e+00  linmin: -2.761e-01

#--- Lowdin population analysis ---
# oxidation-state H +0.435 +0.434
# oxidation-state O -0.754


-------- Electronic minimization -----------
ElecMinimize: Iter:   0  Etot: -17.264312777370982  |grad|_K:  7.173e-07  alpha:  1.000e+00
ElecMinimize: Iter:   1  Etot: -17.264312781808982  |grad|_K:  2.515e-07  alpha:  5.835e-01  linmin:  2.087e-05  cgtest: -2.026e-05
ElecMinimize: Iter:   2  Etot: -17.264312782990974  |grad|_K:  2.186e-07  alpha:  1.261e+00  linmin: -2.171e-03  cgtest:  3.782e-03
ElecMinimize: Converged (|Delta Etot|<1.000000e-08 for 2 iters).
Setting wave functions to eigenvectors of Hamiltonian
IonicMinimize: 	Wolfe criterion not satisfied: alpha: 1  (E-E0)/|gdotd0|: -1.01381  gdotd/gdotd0: 0.926838 (taking cubic step)

-------- Electronic minimization -----------
ElecMinimize: Iter:   0  Etot: -17.264312808349722  |grad|_K:  7.863e-07  alpha:  1.000e+00
ElecMinimize: Iter:   1  Etot: -17.264312813176826  |grad|_K:  2.751e-07  alpha:  5.283e-01  linmin:  2.988e-05  cgtest: -3.653e-05
ElecMinimize: Iter:   2  Etot: -17.264312813970541  |grad|_K:  1.964e-07  alpha:  7.096e-01  linmin: -2.082e-04  cgtest:  3.522e-04
ElecMinimize: Converged (|Delta Etot|<1.000000e-08 for 2 iters).
Setting wave functions to eigenvectors of Hamiltonian

# Ionic positions in cartesian coordinates:
ion H   1.825635315569930   0.000536687061231   0.000008237027953 1
ion H  -0.456312762519523   1.768352772379859   0.000000884626643 1
ion O  -0.012951670062724  -0.016813021711753  -0.000005938565242 1

# Forces in Cartesian coordinates:
force H  -0.000054048162131  -0.000033060385353   0.000001484910280 1
force H   0.000125670487141   0.000024076046631  -0.000000110077133 1
force O   0.000011747011121   0.000081461699056  -0.000002585498400 1

# Energy components:
   Eewald =       -2.6117581393927987
       EH =       12.1851643332156012
     Eloc =      -33.1884253192626346
      Enl =        2.2468042896684528
      Exc =       -4.3571138912105711
 Exc_core =        0.0650370235078325
       KE =        8.3959788895035743
-------------------------------------
     Etot =      -17.2643128139705411

IonicMinimize: Iter:   3  Etot: -17.264312813970541  |grad|_K:  5.494e-05  alpha:  2.237e+00  linmin: -7.178e-01

#--- Lowdin population analysis ---
# oxidation-state H +0.435 +0.434
# oxidation-state O -0.754


-------- Electronic minimization -----------
ElecMinimize: Iter:   0  Etot: -17.264312453495119  |grad|_K:  8.221e-06  alpha:  1.000e+00
ElecMinimize: Iter:   1  Etot: -17.264313016505156  |grad|_K:  2.182e-06  alpha:  5.636e-01  linmin: -1.496e-05  cgtest:  2.513e-05
ElecMinimize: Iter:   2  Etot: -17.264313063925108  |grad|_K:  1.311e-06  alpha:  6.739e-01  linmin: -1.673e-05  cgtest:  1.286e-05
ElecMinimize: Iter:   3  Etot: -17.264313080731270  |grad|_K:  6.597e-07  alpha:  6.616e-01  linmin:  3.910e-05  cgtest: -1.056e-04
ElecMinimize: Iter:   4  Etot: -17.264313085134550  |grad|_K:  3.070e-07  alpha:  6.846e-01  linmin: -6.432e-06  cgtest:  1.230e-04
ElecMinimize: Iter:   5  Etot: -17.264313086406709  |grad|_K:  1.675e-07  alpha:  9.131e-01  linmin:  2.293e-05  cgtest: -7.211e-05
ElecMinimize: Converged (|Delta Etot|<1.000000e-08 for 2 iters).
Setting wave functions to eigenvectors of Hamiltonian

# Ionic positions in cartesian coordinates:
ion H   1.825477765837453   0.000109819414365   0.000033984287713 1
ion H  -0.454292641909993   1.769711544575887  -0.000000165742319 1
ion O  -0.013408779906595  -0.016272726292266  -0.000050731174791 1

# Forces in Cartesian coordinates:
force H  -0.000175623543118  -0.000102291095527   0.000001431509534 1
force H   0.000074871596926  -0.000071448737311  -0.000000181687584 1
force O   0.000163462892700   0.000263861432514  -0.000003937655331 1

# Energy components:
   Eewald =       -2.6125254246993519
       EH =       12.1844951941818369
     Eloc =      -33.1867541374838311
      Enl =        2.2467162599569068
      Exc =       -4.3569961682966678
 Exc_core =        0.0650370089857883
       KE =        8.3957141809486107
-------------------------------------
     Etot =      -17.2643130864067089

IonicMinimize: Iter:   4  Etot: -17.264313086406709  |grad|_K:  1.284e-04  alpha:  1.000e+00  linmin: -1.950e-01

#--- Lowdin population analysis ---
# oxidation-state H +0.435 +0.434
# oxidation-state O -0.754


-------- Electronic minimization -----------
ElecMinimize: Iter:   0  Etot: -17.264309878729435  |grad|_K:  2.006e-05  alpha:  1.000e+00
ElecMinimize: Iter:   1  Etot: -17.264313226554084  |grad|_K:  4.942e-06  alpha:  5.631e-01  linmin: -3.058e-05  cgtest:  4.855e-05
ElecMinimize: Iter:   2  Etot: -17.264313478472303  |grad|_K:  2.833e-06  alpha:  6.979e-01  linmin: -1.586e-05  cgtest: -2.119e-06
ElecMinimize: Iter:   3  Etot: -17.264313556762353  |grad|_K:  1.480e-06  alpha:  6.601e-01  linmin:  1.239e-05  cgtest: -4.201e-05
ElecMinimize: Iter:   4  Etot: -17.264313577344424  |grad|_K:  6.563e-07  alpha:  6.357e-01  linmin:  1.495e-05  cgtest:  3.122e-05
ElecMinimize: Iter:   5  Etot: -17.264313582737891  |grad|_K:  3.287e-07  alpha:  8.471e-01  linmin: -1.481e-04  cgtest:  2.399e-04
ElecMinimize: Iter:   6  Etot: -17.264313584046519  |grad|_K:  1.633e-07  alpha:  8.192e-01  linmin: -1.893e-04  cgtest:  3.026e-05
ElecMinimize: Converged (|Delta Etot|<1.000000e-08 for 2 iters).
Setting wave functions to eigenvectors of Hamiltonian

# Ionic positions in cartesian coordinates:
ion H   1.824880789626365  -0.001183814736475   0.000098018578695 1
ion H  -0.449508167045347   1.773039349721929  -0.000002809171017 1
ion O  -0.014185895637514  -0.014501970493677  -0.000167840692101 1

# Forces in Cartesian coordinates:
force H  -0.000210595251425  -0.000220370787375   0.000001447453871 1
force H  -0.000030848390964  -0.000157711749011  -0.000000356223812 1
force O   0.000321464340826   0.000450755511575  -0.000003661154410 1

# Energy components:
   Eewald =       -2.6129525974368946
       EH =       12.1840954269670103
     Eloc =      -33.1857934223762712
      Enl =        2.2466512124288989
      Exc =       -4.3569251325841947
 Exc_core =        0.0650369187843879
       KE =        8.3955740101705434
-------------------------------------
     Etot =      -17.2643135840465192

IonicMinimize: Iter:   5  Etot: -17.264313584046519  |grad|_K:  2.174e-04  alpha:  1.000e+00  linmin: -6.986e-02

#--- Lowdin population analysis ---
# oxidation-state H +0.435 +0.434
# oxidation-state O -0.754


-------- Electronic minimization -----------
ElecMinimize: Iter:   0  Etot: -17.264306319226389  |grad|_K:  2.971e-05  alpha:  1.000e+00
ElecMinimize: Iter:   1  Etot: -17.264313695719672  |grad|_K:  7.417e-06  alpha:  5.653e-01  linmin: -5.306e-05  cgtest:  8.178e-05
ElecMinimize: Iter:   2  Etot: -17.264314256850483  |grad|_K:  4.260e-06  alpha:  6.901e-01  linmin: -2.847e-05  cgtest: -5.047e-06
ElecMinimize: Iter:   3  Etot: -17.264314431212370  |grad|_K:  2.194e-06  alpha:  6.499e-01  linmin:  1.739e-05  cgtest: -8.277e-05
ElecMinimize: Iter:   4  Etot: -17.264314477269615  |grad|_K:  9.609e-07  alpha:  6.474e-01  linmin: -1.206e-05  cgtest:  1.018e-04
ElecMinimize: Iter:   5  Etot: -17.264314488932676  |grad|_K:  4.729e-07  alpha:  8.546e-01  linmin: -4.396e-06  cgtest: -4.145e-05
ElecMinimize: Iter:   6  Etot: -17.264314491622095  |grad|_K:  2.276e-07  alpha:  8.135e-01  linmin:  7.160e-05  cgtest: -1.260e-04
ElecMinimize: Iter:   7  Etot: -17.264314492188277  |grad|_K:  1.061e-07  alpha:  7.397e-01  linmin: -7.663e-04  cgtest:  1.439e-03
ElecMinimize: Converged (|Delta Etot|<1.000000e-08 for 2 iters).
Setting wave functions to eigenvectors of Hamiltonian

# Ionic positions in cartesian coordinates:
ion H   1.824358467077029  -0.003831328335347   0.000195932369793 1
ion H  -0.442972779958822   1.778118558705436  -0.000007624596515 1
ion O  -0.014847357569482  -0.011208742164836  -0.000341666061746 1

# Forces in Cartesian coordinates:
force H  -0.000237071164873  -0.000285464863691   0.000001505841782 1
force H  -0.000098601139378  -0.000179097669153  -0.000000639074012 1
force O   0.000421042541602   0.000521403243659  -0.000002428137636 1

# Energy components:
   Eewald =       -2.6131182150812640
       EH =       12.1839404034261030
     Eloc =      -33.1854127884667278
      Enl =        2.2466152063522697
      Exc =       -4.3568956054143175
 Exc_core =        0.0650367262885644
       KE =        8.3955197807070956
-------------------------------------
     Etot =      -17.2643144921882765

IonicMinimize: Iter:   6  Etot: -17.264314492188277  |grad|_K:  2.643e-04  alpha:  1.000e+00  linmin: -1.033e-01

#--- Lowdin population analysis ---
# oxidation-state H +0.435 +0.434
# oxidation-state O -0.754


-------- Electronic minimization -----------
ElecMinimize: Iter:   0  Etot: -17.264030735563836  |grad|_K:  1.763e-04  alpha:  1.000e+00
ElecMinimize: Iter:   1  Etot: -17.264289503174552  |grad|_K:  4.495e-05  alpha:  5.634e-01  linmin: -2.748e-04  cgtest:  4.546e-04
ElecMinimize: Iter:   2  Etot: -17.264309341871581  |grad|_K:  2.568e-05  alpha:  6.641e-01  linmin: -1.637e-04  cgtest: -3.865e-05
ElecMinimize: Iter:   3  Etot: -17.264315681324081  |grad|_K:  1.300e-05  alpha:  6.503e-01  linmin:  1.033e-04  cgtest: -5.512e-04
ElecMinimize: Iter:   4  Etot: -17.264317332807060  |grad|_K:  5.628e-06  alpha:  6.614e-01  linmin: -6.776e-05  cgtest:  6.000e-04
ElecMinimize: Iter:   5  Etot: -17.264317733827834  |grad|_K:  2.775e-06  alpha:  8.566e-01  linmin:  3.226e-05  cgtest: -3.176e-04
ElecMinimize: Iter:   6  Etot: -17.264317825722138  |grad|_K:  1.346e-06  alpha:  8.077e-01  linmin: -1.213e-05  cgtest:  1.135e-04
ElecMinimize: Iter:   7  Etot: -17.264317845458301  |grad|_K:  6.232e-07  alpha:  7.368e-01  linmin:  4.998e-06  cgtest: -6.032e-05
ElecMinimize: Iter:   8  Etot: -17.264317849865257  |grad|_K:  2.684e-07  alpha:  7.676e-01  linmin:  1.209e-04  cgtest: -1.852e-04
ElecMinimize: Iter:   9  Etot: -17.264317850681337  |grad|_K:  1.112e-07  alpha:  7.667e-01  linmin: -4.551e-04  cgtest:  9.789e-04
ElecMinimize: Converged (|Delta Etot|<1.000000e-08 for 2 iters).
Setting wave functions to eigenvectors of Hamiltonian

# Ionic positions in cartesian coordinates:
ion H   1.821728929612727  -0.021279386267471   0.000782840124060 1
ion H  -0.405983676206278   1.808936392663722  -0.000046264553086 1
ion O  -0.017069423042930   0.008856104686824  -0.001325283912326 1

# Forces in Cartesian coordinates:
force H  -0.000059925783289  -0.000397724369417   0.000002004641736 1
force H  -0.000040532291614  -0.001130402212320  -0.000001810733614 1
force O   0.000178679651728   0.001492673255608   0.000001208806342 1

# Energy components:
   Eewald =       -2.6157450464509280
       EH =       12.1819896413971414
     Eloc =      -33.1801766657491370
      Enl =        2.2464515661454802
      Exc =       -4.3565411453341021
 Exc_core =        0.0650367680733497
       KE =        8.3946670312368585
-------------------------------------
     Etot =      -17.2643178506813371

IonicMinimize: Iter:   7  Etot: -17.264317850681337  |grad|_K:  6.413e-04  alpha:  1.000e+00  linmin: -2.967e-03

#--- Lowdin population analysis ---
# oxidation-state H +0.435 +0.434
# oxidation-state O -0.754


-------- Electronic minimization -----------
ElecMinimize: Iter:   0  Etot: -17.264134913175010  |grad|_K:  1.405e-04  alpha:  1.000e+00
ElecMinimize: Iter:   1  Etot: -17.264300164036019  |grad|_K:  3.627e-05  alpha:  5.663e-01  linmin: -2.668e-04  cgtest:  4.217e-04
ElecMinimize: Iter:   2  Etot: -17.264313148448377  |grad|_K:  2.102e-05  alpha:  6.677e-01  linmin: -1.316e-04  cgtest: -8.153e-05
ElecMinimize: Iter:   3  Etot: -17.264317412366019  |grad|_K:  1.066e-05  alpha:  6.528e-01  linmin:  8.303e-05  cgtest: -4.451e-04
ElecMinimize: Iter:   4  Etot: -17.264318528871037  |grad|_K:  4.609e-06  alpha:  6.651e-01  linmin: -5.517e-05  cgtest:  4.914e-04
ElecMinimize: Iter:   5  Etot: -17.264318801121846  |grad|_K:  2.282e-06  alpha:  8.671e-01  linmin: -1.142e-04  cgtest: -6.345e-05
ElecMinimize: Iter:   6  Etot: -17.264318864693220  |grad|_K:  1.102e-06  alpha:  8.260e-01  linmin:  6.105e-05  cgtest: -2.465e-04
ElecMinimize: Iter:   7  Etot: -17.264318878121408  |grad|_K:  5.156e-07  alpha:  7.476e-01  linmin:  9.138e-06  cgtest:  1.891e-04
ElecMinimize: Iter:   8  Etot: -17.264318881105083  |grad|_K:  2.243e-07  alpha:  7.594e-01  linmin:  2.168e-04  cgtest: -3.732e-04
ElecMinimize: Iter:   9  Etot: -17.264318881670278  |grad|_K:  9.281e-08  alpha:  7.601e-01  linmin:  6.666e-04  cgtest: -6.128e-04
ElecMinimize: Converged (|Delta Etot|<1.000000e-08 for 2 iters).
Setting wave functions to eigenvectors of Hamiltonian

# Ionic positions in cartesian coordinates:
ion H   1.821090360379414  -0.035745971564487   0.001252695435465 1
ion H  -0.377058063207633   1.831984960273690  -0.000079694210392 1
ion O  -0.019680801328807   0.027173036358082  -0.002094397079847 1

# Forces in Cartesian coordinates:
force H  -0.001565606836252  -0.000286894638461  -0.000000080951075 1
force H  -0.000196499813309  -0.000230635757750  -0.000000911015648 1
force O   0.001852696175687   0.000414703430269   0.000007466349201 1

# Energy components:
   Eewald =       -2.6176382813071863
       EH =       12.1807002013938686
     Eloc =      -33.1765651148324636
      Enl =        2.2463913085375955
      Exc =       -4.3563063216201803
 Exc_core =        0.0650387605467022
       KE =        8.3940605656113885
-------------------------------------
     Etot =      -17.2643188816702775

IonicMinimize: Iter:   8  Etot: -17.264318881670278  |grad|_K:  8.320e-04  alpha:  1.000e+00  linmin:  2.831e-02

#--- Lowdin population analysis ---
# oxidation-state H +0.435 +0.435
# oxidation-state O -0.754


-------- Electronic minimization -----------
ElecMinimize: Iter:   0  Etot: -17.264315347339117  |grad|_K:  2.578e-05  alpha:  1.000e+00
ElecMinimize: Iter:   1  Etot: -17.264320892423761  |grad|_K:  6.889e-06  alpha:  5.644e-01  linmin:  6.330e-05  cgtest: -1.033e-04
ElecMinimize: Iter:   2  Etot: -17.264321355483482  |grad|_K:  4.172e-06  alpha:  6.602e-01  linmin:  2.147e-05  cgtest:  1.947e-05
ElecMinimize: Iter:   3  Etot: -17.264321527727439  |grad|_K:  2.081e-06  alpha:  6.695e-01  linmin: -2.071e-05  cgtest:  7.751e-05
ElecMinimize: Iter:   4  Etot: -17.264321571885230  |grad|_K:  9.373e-07  alpha:  6.901e-01  linmin:  1.885e-05  cgtest: -1.194e-04
ElecMinimize: Iter:   5  Etot: -17.264321583720672  |grad|_K:  4.979e-07  alpha:  9.116e-01  linmin:  1.538e-04  cgtest: -1.751e-04
ElecMinimize: Iter:   6  Etot: -17.264321586998239  |grad|_K:  2.642e-07  alpha:  8.949e-01  linmin:  8.342e-05  cgtest:  1.570e-04
ElecMinimize: Iter:   7  Etot: -17.264321587872786  |grad|_K:  1.474e-07  alpha:  8.478e-01  linmin:  9.613e-05  cgtest: -5.213e-05
ElecMinimize: Converged (|Delta Etot|<1.000000e-08 for 2 iters).
Setting wave functions to eigenvectors of Hamiltonian

# Ionic positions in cartesian coordinates:
ion H   1.820929126220999  -0.033938837111342   0.001172205048406 1
ion H  -0.382873449064524   1.827833413587422  -0.000076877028050 1
ion O  -0.018002951635275   0.024693568758472  -0.001940435995373 1

# Forces in Cartesian coordinates:
force H  -0.000560476358798  -0.000199462138847   0.000002410134862 1
force H  -0.000077376221426  -0.000175222462009  -0.000000169153331 1
force O   0.000719419031167   0.000284605681292   0.000007667418934 1

# Energy components:
   Eewald =       -2.6140261720109654
       EH =       12.1835678328873449
     Eloc =      -33.1839704334181320
      Enl =        2.2466131985898885
      Exc =       -4.3568084124320654
 Exc_core =        0.0650382775789573
       KE =        8.3952641209321914
-------------------------------------
     Etot =      -17.2643215878727858

IonicMinimize: Iter:   9  Etot: -17.264321587872786  |grad|_K:  3.315e-04  alpha:  1.000e+00  linmin: -1.781e-01

#--- Lowdin population analysis ---
# oxidation-state H +0.435 +0.435
# oxidation-state O -0.754


-------- Electronic minimization -----------
ElecMinimize: Iter:   0  Etot: -17.264278599724619  |grad|_K:  6.880e-05  alpha:  1.000e+00
ElecMinimize: Iter:   1  Etot: -17.264318388343003  |grad|_K:  1.749e-05  alpha:  5.686e-01  linmin: -1.156e-04  cgtest:  1.790e-04
ElecMinimize: Iter:   2  Etot: -17.264321457387265  |grad|_K:  9.807e-06  alpha:  6.790e-01  linmin: -6.914e-05  cgtest: -1.927e-05
ElecMinimize: Iter:   3  Etot: -17.264322375808248  |grad|_K:  5.050e-06  alpha:  6.461e-01  linmin:  3.180e-05  cgtest: -2.049e-04
ElecMinimize: Iter:   4  Etot: -17.264322620900572  |grad|_K:  2.210e-06  alpha:  6.503e-01  linmin: -2.495e-05  cgtest:  2.091e-04
ElecMinimize: Iter:   5  Etot: -17.264322682607251  |grad|_K:  1.096e-06  alpha:  8.547e-01  linmin:  1.320e-05  cgtest: -1.198e-04
ElecMinimize: Iter:   6  Etot: -17.264322697023538  |grad|_K:  5.455e-07  alpha:  8.116e-01  linmin: -2.435e-05  cgtest:  7.993e-05
ElecMinimize: Iter:   7  Etot: -17.264322700316704  |grad|_K:  2.623e-07  alpha:  7.488e-01  linmin: -1.946e-05  cgtest: -3.490e-05
ElecMinimize: Iter:   8  Etot: -17.264322701130450  |grad|_K:  1.237e-07  alpha:  8.003e-01  linmin: -7.101e-05  cgtest:  8.910e-05
ElecMinimize: Converged (|Delta Etot|<1.000000e-08 for 2 iters).
Setting wave functions to eigenvectors of Hamiltonian

# Ionic positions in cartesian coordinates:
ion H   1.819771563573471  -0.041755785873438   0.001406512758659 1
ion H  -0.369472152890415   1.839490674743769  -0.000095462554095 1
ion O  -0.017437225381174   0.033644673474610  -0.002288130865428 1

# Forces in Cartesian coordinates:
force H  -0.000007184797197  -0.000060879929286   0.000003580712109 1
force H   0.000095498834909  -0.000309208661583  -0.000000216684367 1
force O  -0.000001483293265   0.000248344867372   0.000006737760707 1

# Energy components:
   Eewald =       -2.6125460988523970
       EH =       12.1848944258103113
     Eloc =      -33.1871991923622360
      Enl =        2.2467518014035845
      Exc =       -4.3570357452211184
 Exc_core =        0.0650394409340794
       KE =        8.3957726671573276
-------------------------------------
     Etot =      -17.2643227011304496

IonicMinimize: Iter:  10  Etot: -17.264322701130450  |grad|_K:  1.375e-04  alpha:  1.000e+00  linmin: -4.302e-02
IonicMinimize: None of the convergence criteria satisfied after 10 iterations.

#--- Lowdin population analysis ---
# oxidation-state H +0.435 +0.435
# oxidation-state O -0.754

End date and time: Fri Aug  7 11:35:25 2015  (Duration: 0-0:00:19.56)
Done!
